19:16:59 **** Incremental Build of configuration Debug for project LVBMS_Beta ****
make -j3 all 
Building file: ../Core/Src/LVBMS_Beta_main.c
Building file: ../Core/Src/syscalls.c
Invoking: MCU GCC Compiler
Invoking: MCU GCC Compiler
/Users/johnnydekel/Desktop/stmProjects/LVBMS_Beta/Debug
arm-none-eabi-gcc -mcpu=cortex-m4 -mthumb -mfloat-abi=hard -mfpu=fpv4-sp-d16 -DUSE_HAL_DRIVER -DSTM32F303x8 -I"/Users/johnnydekel/Desktop/stmProjects/LVBMS_Beta/Core/Inc" -I"/Users/johnnydekel/Desktop/stmProjects/LVBMS_Beta/Drivers/STM32F3xx_HAL_Driver/Inc" -I"/Users/johnnydekel/Desktop/stmProjects/LVBMS_Beta/Drivers/STM32F3xx_HAL_Driver/Inc/Legacy" -I"/Users/johnnydekel/Desktop/stmProjects/LVBMS_Beta/Drivers/CMSIS/Device/ST/STM32F3xx/Include" -I"/Users/johnnydekel/Desktop/stmProjects/LVBMS_Beta/Drivers/CMSIS/Include"  -Og -g3 -Wall -fmessage-length=0 -ffunction-sections -c -fmessage-length=0 -MMD -MP -MF"Core/Src/LVBMS_Beta_main.d" -MT"Core/Src/LVBMS_Beta_main.o" -o "Core/Src/LVBMS_Beta_main.o" "../Core/Src/LVBMS_Beta_main.c"
/Users/johnnydekel/Desktop/stmProjects/LVBMS_Beta/Debug
arm-none-eabi-gcc -mcpu=cortex-m4 -mthumb -mfloat-abi=hard -mfpu=fpv4-sp-d16 -DUSE_HAL_DRIVER -DSTM32F303x8 -I"/Users/johnnydekel/Desktop/stmProjects/LVBMS_Beta/Core/Inc" -I"/Users/johnnydekel/Desktop/stmProjects/LVBMS_Beta/Drivers/STM32F3xx_HAL_Driver/Inc" -I"/Users/johnnydekel/Desktop/stmProjects/LVBMS_Beta/Drivers/STM32F3xx_HAL_Driver/Inc/Legacy" -I"/Users/johnnydekel/Desktop/stmProjects/LVBMS_Beta/Drivers/CMSIS/Device/ST/STM32F3xx/Include" -I"/Users/johnnydekel/Desktop/stmProjects/LVBMS_Beta/Drivers/CMSIS/Include"  -Og -g3 -Wall -fmessage-length=0 -ffunction-sections -c -fmessage-length=0 -MMD -MP -MF"Core/Src/syscalls.d" -MT"Core/Src/syscalls.o" -o "Core/Src/syscalls.o" "../Core/Src/syscalls.c"
../Core/Src/LVBMS_Beta_main.c: In function 'BGR_Samp_To_Temp':
Finished building: ../Core/Src/syscalls.c
 
../Core/Src/LVBMS_Beta_main.c:463:23: warning: implicit declaration of function 'log' [-Wimplicit-function-declaration]
  float temp = (-30.66*log(((float)ADC_DATA_TEMP/4096)*3.3)+0.72);
                       ^~~
../Core/Src/LVBMS_Beta_main.c:463:23: warning: incompatible implicit declaration of built-in function 'log'
../Core/Src/LVBMS_Beta_main.c:463:23: note: include '<math.h>' or provide a declaration of 'log'
Finished building: ../Core/Src/LVBMS_Beta_main.c
 
Building target: LVBMS_Beta.elf
Invoking: MCU GCC Linker
arm-none-eabi-gcc -mcpu=cortex-m4 -mthumb -mfloat-abi=hard -mfpu=fpv4-sp-d16 -specs=nosys.specs -specs=nano.specs -T"../STM32F303K8Tx_FLASH.ld" -Wl,-Map=output.map -Wl,--gc-sections -o "LVBMS_Beta.elf" @"objects.list"   -lm
Finished building target: LVBMS_Beta.elf
 
/Library/Developer/CommandLineTools/usr/bin/make --no-print-directory post-build
Generating hex and Printing size information:
arm-none-eabi-objcopy -O ihex "LVBMS_Beta.elf" "LVBMS_Beta.hex"
arm-none-eabi-size "LVBMS_Beta.elf"
   text	   data	    bss	    dec	    hex	filename
  18844	    124	   2332	  21300	   5334	LVBMS_Beta.elf
 

19:17:01 Build Finished (took 2s.195ms)

